../Core/Src/cli.c:28:13:cli_start_rx	8	static
../Core/Src/cli.c:36:6:CLI_Printf	272	static
../Core/Src/cli.c:62:13:cli_trim	24	static
../Core/Src/cli.c:82:16:cli_equals	16	static
../Core/Src/cli.c:87:13:cli_history_push	24	static
../Core/Src/cli.c:113:20:cli_history_get	24	static
../Core/Src/cli.c:119:13:cli_history_redraw	24	static
../Core/Src/cli.c:143:13:cli_history_recall	16	static
../Core/Src/cli.c:168:13:cli_print_signed_x100	56	static
../Core/Src/cli.c:178:13:cli_stats	32	static
../Core/Src/cli.c:200:13:cli_help	8	static
../Core/Src/cli.c:220:13:cli_status	64	static
../Core/Src/cli.c:253:13:cli_execute	32	static
../Core/Src/cli.c:357:6:CLI_Init	16	static
../Core/Src/cli.c:371:6:CLI_Process	104	static,ignoring_inline_asm
../Core/Src/cli.c:399:6:CLI_OnUartRxCpltCallback	24	static
../Core/Src/cli.c:455:6:CLI_OnUartErrorCallback	16	static
