../Core/Src/main.c:66:13:I2C_Scan	112	static
../Core/Src/main.c:96:5:main	8	static
../Core/Src/main.c:151:6:SystemClock_Config	88	static
../Core/Src/main.c:194:6:HAL_UART_RxCpltCallback	16	static
../Core/Src/main.c:199:6:HAL_UART_ErrorCallback	16	static
../Core/Src/main.c:204:6:HAL_I2C_MemRxCpltCallback	16	static
../Core/Src/main.c:209:6:HAL_I2C_MasterTxCpltCallback	16	static
../Core/Src/main.c:214:6:HAL_I2C_ErrorCallback	16	static
../Core/Src/main.c:225:6:Error_Handler	4	static,ignoring_inline_asm
